// Jest Snapshot v1, https://goo.gl/fbAQLP

exports[`Button Component should render without issues 1`] = `
<ForwardRef(Themed.Button)
  buttonStyle={
    Object {
      "backgroundColor": "#dee2e6",
      "borderColor": "#ffffff",
      "borderRadius": 10,
      "borderWidth": 0,
      "height": undefined,
      "width": undefined,
    }
  }
  containerStyle={
    Object {
      "borderRadius": 10,
      "margin": 0,
      "marginBottom": undefined,
      "marginHorizontal": 0,
      "marginLeft": undefined,
      "marginRight": undefined,
      "marginTop": undefined,
      "marginVertical": 5,
      "padding": 0,
      "paddingBottom": undefined,
      "paddingHorizontal": undefined,
      "paddingLeft": undefined,
      "paddingRight": undefined,
      "paddingTop": undefined,
      "paddingVertical": undefined,
    }
  }
  icon={
    Object {
      "color": "#121212",
      "size": 20,
      "type": "material-community",
    }
  }
  iconContainerStyle={Object {}}
  titleStyle={
    Object {
      "color": "#121212",
      "fontSize": 16,
      "fontWeight": "500",
      "marginLeft": -10,
      "marginRight": 0,
    }
  }
/>
`;
