// Jest Snapshot v1, https://goo.gl/fbAQLP

exports[`Input Component should render without issues 1`] = `
<Connect(Input)
  forwardedRef={null}
/>
`;
